# command: pnpm tsx fin/FIN-01/verify/run.ts
# started: 2026-09-14T11:15:19Z

## bank-kftc-openbanking
  PASS BANK-KFTC-01 페이지네이션: 마지막 페이지 next_page_yn=N, page_record_cnt 와 실제 건수 일치 — 페이지 2개, 건수 5
  PASS BANK-KFTC-02 원본↔정규화 건수·순금액 일치 — 원본 5건 430000 / 정규화 5건 430000
  PASS BANK-KFTC-03 같은 날짜·금액·적요 정상 거래 2건 보존(원천키 분리) — 고유키 5 / 거래 5
  PASS BANK-KFTC-04 동일 응답 재수집 시 무중복, 정정 응답은 관측 버전 추가 — 1차 insert 5, 2차 unchanged 5, 3차 versioned 1, 저장 5
  PASS BANK-KFTC-05 기초잔액 + 누적 입출금 = 마지막 거래 후 잔액(대조, 차이는 조정 거래로 메우지 않음) — 계산 1430000 / 원천 1430000
  PASS BANK-KFTC-06 잔액 종류를 AT_INQUIRY 로 표시(전일 마감 잔액과 구분) — DP-KB-001 1430000 (AT_INQUIRY)
  PASS BANK-KFTC-07 원천 시간대(Asia/Seoul) 시각과 UTC 를 함께 보존 — 2026-09-12T09:15:00 Asia/Seoul → 2026-09-12T00:15:00.000Z
  PASS BANK-KFTC-08 필드매핑 근거 현황(CONFIRMED 0 이면 실제 수집 미검증) — confirmed 0 / snippet 8 / assumed 0 / unverified 2 / missing 0

## bank-aggregator
  PASS BANK-AGG-01 설정 기반 컬럼 매핑으로 건수·순금액 대조(자리표시자 컬럼명) — 원본 4건 221050.5 / 정규화 4건 221050.5
  PASS BANK-AGG-02 USD 계좌 거래는 원통화 금액을 보존하고 환산하지 않음 — USD 거래 2건: 1250.50, 200.00
  PASS BANK-AGG-03 실제 응답 필드명 미확인 → 실제 수집 미검증(ASSUMED 만 존재) — mappings 7개 전부 ASSUMED

## sales-sabangnet
  PASS SALES-SBN-01 결제완료 행 건수·금액 대조(구매확정 상태는 이벤트 생성 안 함) — 원본 4건 179000 / 정규화 4건 179000
  PASS SALES-SBN-02 부분취소·환불은 고유 이벤트로 원거래(PAID)에 연결되고 음수로 차감 — 취소/환불 1건, 순매출 160000
  PASS SALES-SBN-03 같은 기간 재수집 시 무중복 — 1차 6 / 2차 unchanged 6
  PASS SALES-SBN-04 사방넷 미포괄 채널 명단(전체 채널 목록 미확보 시 판정 보류) — 회사 전체 채널 목록 미확보 → 포괄 범위 판정 보류(주요 6개 채널만 가정 점검)
  PASS SALES-SBN-05 사방넷·직접 API 중복 주문 탐지(채널별 담당 원천 지정 전에는 합산 금지) — 중복 후보 2건: OWNMALL_CAFE24/SYN-OM-20260912-0001, COUPANG/SYN-CP-90001
  PASS SALES-SBN-06 필드명·상태코드 전부 ASSUMED → 실제 수집 미검증 — mappings 10개 ASSUMED

## sales-cafe24
  PASS SALES-C24-01 결제완료(paid=T, payment_date 존재) 품목만 PAID 이벤트, 입금전 주문 제외 — PAID 3건 122000, 입금전 제외 1건
  PASS SALES-C24-02 취소 품목은 원거래에 연결된 음수 이벤트. 취소 확정일 필드 미확인 → 날짜 UNKNOWN 표시(임의 날짜 금지) — 취소 1건
  PASS SALES-C24-03 같은 기간 재수집 무중복 — 1차 4 / 2차 unchanged 4
  PASS SALES-C24-04 사방넷과 중복되는 자사몰 주문 탐지(자사몰 담당 원천을 하나로 고정해야 함) — 중복 후보 1건: SYN-OM-20260912-0001
  PASS SALES-C24-05 주문 필드명 ASSUMED, 인증·제한만 SNIPPET → 실제 수집 미검증

## delivery-excel
  PASS DLV-01 필수 컬럼 존재(법인·거래처·출고번호·행·출고일·상품·수량·공급가액·세액·반품) — 법인, 거래처, 출고번호, 행번호, 출고일, 상품코드, 수량, 공급가액, 세액, 반품여부, 반품일
  PASS DLV-02 (법인, 출고번호, 행번호, 반품여부) 고유키 중복 없음 — 행 4, 고유 4
  PASS DLV-03 출고 행 건수·공급가액 대조 — 원본 3건 8300000 / 정규화 3건 8300000
  PASS DLV-04 반품은 확인된 반품일에 원출고 행에 연결된 음수 이벤트 — 반품 1건, 순매출 8100000
  PASS DLV-05 행 해시로 수정 감지(금액 수정 시 해시 변경) — 원본 66b9640e8091b1f3 ≠ 수정 665872bb9515ad41
  PASS DLV-06 납품 거래가 주문 시스템에도 존재하는 경우 탐지(채널/거래 유형별 담당 원천 지정 필요) — 중복 후보 1건
  PASS DLV-07 세액 0 행(면세·수출)은 1.1 나누기 없이 원천 구분 유지 — 세액 0 행 1건
  PASS DLV-08 실제 파일·공유 위치 미제공 → 접근 대기(실제 수집 미검증) — 사용자 조치 필요: 샘플 파일, 공유 위치, 반품·수정 기록 방식

## ads
  PASS ADS-META-01 (계정,일자) 재수집은 대체. 소급 수정 후 합계 = 최신 응답 합계(누적 합산 금지) — 1차 349.65 → 재수집 349.35 (최신 응답 349.35)
  PASS ADS-META-02 계정 시간대(America/Los_Angeles) 일자를 KST 로 이동하지 않고 sourceTz 보존 — tz=America/Los_Angeles, rows=3
  PASS ADS-GOOG-01 cost_micros ÷ 1e6 십진수 변환(부동소수점 미사용) 및 합계 대조 — 합계 252750 KRW
  PASS ADS-NAVER-01 소진액(salesAmt)과 비즈머니 잔액을 별도 레코드로 보존(잔액을 비용으로 쓰지 않음) — 소진 395000 / 잔액 1250000
  PASS ADS-TT-01 일별 분해 조회 30일 제한(제3자 요약) 초과 요청은 분할해야 함 — 요청 90일 → 3회 분할 필요
  PASS ADS-TT-02 stat_time_day → date, 통화·시간대 보존 — rows=2 USD Asia/Seoul
  PASS ADS-CPNG-01 쿠팡 광고 소진액 공식 API 존재 여부 확인하지 못함(미지원 단정 아님) → 미확인. 자동 수집 가능으로 표시하지 않음 — 광고센터 리포트 엑셀 다운로드만 확인
  PASS ADS-ALL-01 광고 5개 경로 모두 실제 호출 미실행(자격·네트워크 없음) → 실제 수집 미검증 — ADS_META, ADS_GOOGLE, ADS_NAVER, ADS_COUPANG, ADS_TIKTOK

## accounting-wehago
  PASS ACC-WHG-01 누적 자료는 동일 기준 전월 누적과 차감해 월간 전환(§12-12) — 8월 401 = 3000000
  PASS ACC-WHG-02 전월 누적이 없는 행(7월 401)은 임의 산출하지 않고 전환 불가 목록으로 남김 — 전월 누적 없음: DISTROVA 401 2026-07 (필요: 2026-06)
  PASS ACC-WHG-03 월간 자료는 차감하지 않음 — 450000
  PASS ACC-WHG-04 공식 읽기 경로·자격 미확인 → 접근 대기(실제 수집 미검증) — 더존 담당자 확인 필요

## fx
  PASS FX-01 콤마 포함 문자열 → 십진수 문자열(부동소수점 미사용) — 2026-09-10:1333.40, 2026-09-11:1335.10
  PASS FX-02 비영업일(토요일) 응답이 비어 있으면 이전 영업일 환율 적용 + 적용일 표시 — 2026-09-12 → 2026-09-11 1335.10
  PASS FX-03 환율이 없으면 0 으로 대체하지 않고 오류 — 환율 없음: 2026-08-01 기준 3일 내 자료 없음(0 대체 금지)
  PASS FX-04 실제 호출 미실행(인증키·네트워크 없음) → 실제 수집 미검증 — FX_KOREAEXIM, FX_ECOS

## cross-source
  PASS X-01 정산 입금은 은행 거래로만 보존(분류 SETTLEMENT_RECEIPT), 매출에 합산하지 않음 — 매출 180000 / 정산입금 650000 / 합산 시 830000 (금지)
  PASS X-02 선불 광고 충전 100, 소진 60: 은행 -100, 광고 잔액 +40, 손익 비용 60(§12-5) — 현금 유출 100, 비용 60, 잔액 40
  PASS X-03 채널별 담당 원천만 집계, 비담당·미지정은 제외 목록 — 집계 2363000, 제외: COUPANG/DIRECT_API(비담당 원천); OWNMALL_CAFE24/DIRECT_API(비담당 원천); OLIVEYOUNG(담당 원천 미지정)

총 49건 중 실패 0건. 결과: results/fixture-run.json (synthetic=true)
# exit code: 0
# finished: 2026-09-14T11:15:20Z
